PASS: Login
PASS: Dropdowns
PASS: IDR=Yes Created (ID: 28)
DEBUG: Current Stage: OriginatorCycle_1 (Code: 1)
PASS: Owner Match
Testing Workflow Transition...
DEBUG: Posting to http://127.0.0.1:5000/submit_cycle/28/OriginatorCycle_1
DEBUG: Submit Status: 200
DEBUG: Submit Response: <div class="modal-header bg-white text-danger">
    <h5 class="modal-title fw-bold">S_21705_6337</h5>
    <button type="button" class="btn-close btn-close-white" data-bs-dismiss="modal" aria-label="Close"
        onclick="window.location.reload()"></button>
</div>

<div class="modal-body bg-light p-3">
    <div class="accordion" id="modalAccordion">

        <!-- Document Details -->
        <div class="accordion-item">
            <h2 class="accordion-header">
                <button class="accordion-button" type="button" data-bs-toggle="collapse" data-bs-target="#mc1">
                    Document Details
                </button>
            </h2>
            <div id="mc1" class="accordion-collapse collapse show" data-bs-parent="#modalAccordion">
                <div class="accordion-body">
                    <div class="row g-3">
                        <div class="col-md-3">
                            <label class="form-label">Project No</label>
                            <input type="text" class="form-control" value="WAT.0000.ES_BASECOST.03.15" disabled>
                        </div>
                        <div class="col-md-3">
                            <label class="form-label">Document No</label>
                            <input type="text" class="form-control" value="DOC-001" disabled>
                        </div>
                        <div class="col-md-3">
                            <label class="form-label">Revision</label>
                            <input type="text" class="form-control" value="A" disabled>
                        </div>
                        <div class="col-md-3">
                            <label class="form-label">Title</label>
                            <input type="text" class="form-control" value="Test IDR Yes" disabled>
                        </div>
                        <div class="col-md-3">
                            <label class="form-label">Discipline</label>
                            <input type="text" class="form-control" value="Process" disabled>
                        </div>
                        <div class="col-md-3">
                            <label class="form-label">Baseline Date</label>
                            <input type="text" class="form-control" value="2023-01-01" disabled>
                        </div>
                        <div class="col-md-3">
                            <label class="form-label">Est. Hours</label>
                            <input type="text" class="form-control" value="10.0" disabled>
                        </div>
                        <div class="col-md-3">
                            <label class="form-label">IDR Required?</label>
                            <input type="text" class="form-control" value="Yes" disabled>
                        </div>
                        <div class="col-md-3">
                            <label class="form-label">SignOff Req?</label>
                            <input type="text" class="form-control" value="No" disabled>
                        </div>
                        <div class="col-md-3">
                            <label class="form-label">Doc Owner</label>
                            <input type="text" class="form-control" value="corentin.girier.ext@veolia.com" disabled>
                        </div>
                        <div class="col-md-3">
                            <label class="form-label">Originator</label>
                            <input type="text" class="form-control" value="corentin.girier.ext@veolia.com" disabled>
                        </div>
                        <div class="col-md-3">
                            <label class="form-label">Reviewer</label>
                            <input type="text" class="form-control" value="" disabled>
                        </div>
                        <div class="col-md-3">
                            <label class="form-label">SignOff Eng</label>
                            <input type="text" class="form-control" value="" disabled>
                        </div>
                        <div class="col-md-3">
                            <label class="form-label">DRM Category</label>
                            <input type="text" class="form-control" value="Cat 1" disabled>
                        </div>
                    </div>
                </div>
            </div>
        </div>

        <!-- Originator Cycle 1 -->
        
        <div class="accordion-item">
            <h2 class="accordion-header">
                <button class="accordion-button collapsed" type="button"
                    data-bs-toggle="collapse" data-bs-target="#moc1">
                    Originator Cycle 1
                     <span class="badge bg-success ms-2">Submitted</span>
                    
                </button>
            </h2>
            <div id="moc1" class="accordion-collapse collapse "
                data-bs-parent="#modalAccordion">
                <div class="accordion-body">
                    <form action="/submit_cycle/28/OriginatorCycle_1" method="POST">
                        
                        

                        <div class="row g-3">
                            <div class="col-md-4">
                                <label class="form-label">Actual Hours</label>
                                <input type="number" step="0.1" name="actual_hours" class="form-control"
                                    value="5.0" disabled>
                            </div>
                            <div class="col-md-4">
                                <label class="form-label">Transmittal Date</label>
                                <input type="date" name="transmittal_date" class="form-control"
                                    value="2023-01-02" disabled>
                            </div>
                            <div class="col-md-12">
                                <label class="form-label">Ref Link</label>
                                <input type="text" name="ref_link" class="form-control"
                                    value="http://test" disabled>
                            </div>
                            <div class="col-md-12">
                                <label class="form-label">Description / Comments</label>
                                <textarea name="description" class="form-control" rows="3" disabled>Submitting for IDR</textarea>
                            </div>
                        </div>
                        
                    </form>
                </div>
            </div>
        </div>
        

        <!-- Reviewer Cycle 1 -->
        

        <!-- Originator Cycle 2 -->
        

        <!-- Reviewer Cycle 2 -->
        

        <!-- Originator Cycle 3 -->
        

        <!-- Reviewer Cycle 3 -->
        

        <!-- IDR Review -->
        
        <div class="accordion-item">
            <h2 class="accordion-header">
                <button class="accordion-button collapsed" type="button" data-bs-toggle="collapse"
                    data-bs-target="#midr">
                    IDR Review
                     <span class="badge bg-warning text-dark ms-2">Pending</span>
                    
                </button>
            </h2>
            <div id="midr" class="accordion-collapse collapse show"
                data-bs-parent="#modalAccordion">
                <div class="accordion-body">
                    <form action="/submit_cycle/28/IDR_Review" method="POST">
                        
                        

                        <div class="row g-3">
                            <div class="col-md-12">
                                <label class="form-label">IDR Comments</label>
                                <textarea name="description" class="form-control" rows="3" ></textarea>
                            </div>
                            <input type="hidden" name="action" value="Accepted">
                        </div>
                        
                        <div class="mt-3 text-end"><button type="submit" class="btn btn-primary">Complete IDR</button>
                        </div>
                        
                    </form>
                </div>
            </div>
        </div>
        

        <!-- SignOff Engineer -->
        

    </div>
</div>

<div class="modal-footer bg-white">
    
    <a href="/delete/28" class="btn btn-outline-danger me-auto"
        onclick="return confirm('Mark INACTIVE?')">Delete Request</a>
    
    <button type="button" class="btn btn-secondary" data-bs-dismiss="modal"
        onclick="window.location.reload()">Close</button>
</div>
DEBUG: Post-Submit Stage: OriginatorCycle_1 (Code: 1)
FAIL: Transition Failed (Expected 7, Got 1)
PASS: Dashboard Visibility
